============================= test session starts =============================
platform win32 -- Python 3.12.10, pytest-8.4.1, pluggy-1.6.0
rootdir: D:\stability\Data\Packages\ComfyUI\custom_nodes\more_math
configfile: pytest.ini
plugins: anyio-4.9.0
collected 6 items

tests\test_multi_node_mismatch.py FFF...                                 [100%]

================================== FAILURES ===================================
________________________ test_image_mismatch_broadcast ________________________

    def test_image_mismatch_broadcast():
        # a: 2 frames, b: 1 frame
        a = torch.ones((2, 64, 64, 3))
        b = torch.ones((1, 64, 64, 3)) * 0.5
    
        # a + b -> [1+0.5, 1+0.5]
>       result, = ImageMathNode.execute("a + b", a, b=b, length_mismatch="broadcast")
                  ^^^^^^^^^^^^^^^^^^^^^^^^^^^^^^^^^^^^^^^^^^^^^^^^^^^^^^^^^^^^^^^^^^^

tests\test_multi_node_mismatch.py:12: 
_ _ _ _ _ _ _ _ _ _ _ _ _ _ _ _ _ _ _ _ _ _ _ _ _ _ _ _ _ _ _ _ _ _ _ _ _ _ _ _
more_math\ImageMathNode.py:106: in execute
    ce = resolve_input(c_orig, c)
         ^^^^^^^^^^^^^^^^^^^^^^^^
_ _ _ _ _ _ _ _ _ _ _ _ _ _ _ _ _ _ _ _ _ _ _ _ _ _ _ _ _ _ _ _ _ _ _ _ _ _ _ _

tensor = tensor([[[[0., 0., 0.],
          [0., 0., 0.],
          [0., 0., 0.],
          ...,
          [0., 0., 0.],
       ... 0.],
          [0., 0., 0.],
          ...,
          [0., 0., 0.],
          [0., 0., 0.],
          [0., 0., 0.]]]])
original_input = None

    def resolve_input(tensor, original_input):
        if original_input is None: # Use zero constant
>           return torch.zeros_like(a_orig)
                   ^^^^^
E           NameError: name 'torch' is not defined

more_math\ImageMathNode.py:58: NameError
_______________________ test_image_mismatch_passthrough _______________________

    def test_image_mismatch_passthrough():
        a = torch.ones((2, 64, 64, 3))
        b = torch.ones((1, 64, 64, 3)) * 0.5
    
        # a + b -> [1+0.5, 1 (unchanged)]
>       result, = ImageMathNode.execute("a + b", a, b=b, length_mismatch="passthrough")
                  ^^^^^^^^^^^^^^^^^^^^^^^^^^^^^^^^^^^^^^^^^^^^^^^^^^^^^^^^^^^^^^^^^^^^^

tests\test_multi_node_mismatch.py:21: 
_ _ _ _ _ _ _ _ _ _ _ _ _ _ _ _ _ _ _ _ _ _ _ _ _ _ _ _ _ _ _ _ _ _ _ _ _ _ _ _

cls = <class 'more_math.ImageMathNode.ImageMathNode'>, Image = 'a + b'
a = tensor([[[[1., 1., 1.],
          [1., 1., 1.],
          [1., 1., 1.],
          ...,
          [1., 1., 1.],
       ... 1.],
          [1., 1., 1.],
          ...,
          [1., 1., 1.],
          [1., 1., 1.],
          [1., 1., 1.]]]])
b = tensor([[[[0.5000, 0.5000, 0.5000],
          [0.5000, 0.5000, 0.5000],
          [0.5000, 0.5000, 0.5000],
          ...    ...,
          [0.5000, 0.5000, 0.5000],
          [0.5000, 0.5000, 0.5000],
          [0.5000, 0.5000, 0.5000]]]])
c = None, d = None, w = 0.0, x = 0.0, y = 0.0, z = 0.0
length_mismatch = 'passthrough'

    @classmethod
    def execute(cls, Image, a, b=None, c=None, d=None, w=0.0, x=0.0, y=0.0, z=0.0, length_mismatch="broadcast"):
        a_orig, b_orig, c_orig, d_orig = prepare_inputs(a, b, c, d)
    
        # Primary reference is 'a'
        target_len = a_orig.shape[0]
    
        def resolve_input(tensor, original_input):
            if original_input is None: # Use zero constant
                return torch.zeros_like(a_orig)
    
            curr_len = tensor.shape[0]
            if curr_len == target_len:
                return tensor
    
            if length_mismatch == "broadcast":
                import math
                return tensor.repeat(math.ceil(target_len / curr_len), *([1] * (tensor.ndim - 1)))[:target_len]
            elif length_mismatch == "pad":
                out = torch.zeros_like(a_orig)
                out[:min(curr_len, target_len)] = tensor[:target_len]
                return out
            else: # passthrough
                return tensor[:target_len]
    
        if length_mismatch == "passthrough":
            # Find the minimum length among all PROVIDED signals
            # b_orig etc. are zeros if b was None.
            min_math_len = target_len
            if b is not None: min_math_len = min(min_math_len, b_orig.shape[0])
            if c is not None: min_math_len = min(min_math_len, c_orig.shape[0])
            if d is not None: min_math_len = min(min_math_len, d_orig.shape[0])
    
            if min_math_len < target_len:
                # Apply math only to the head
                head_a = a_orig[:min_math_len]
                variables_head = {
                    "a": head_a,
                    "b": b_orig[:min_math_len],
                    "c": c_orig[:min_math_len],
                    "d": d_orig[:min_math_len],
                    "w": w, "x": x, "y": y, "z": z,
                    "X": getIndexTensorAlongDim(head_a, 3),
                    "Y": getIndexTensorAlongDim(head_a, 2),
                    "B": getIndexTensorAlongDim(head_a, 0),
                    "batch": getIndexTensorAlongDim(head_a, 0),
                    "C": getIndexTensorAlongDim(head_a, 1),
                    "channel": getIndexTensorAlongDim(head_a, 1),
                    "W": head_a.shape[3], "H": head_a.shape[2], "T": head_a.shape[0], "N": head_a.shape[1],
                } | generate_dim_variables(head_a)
    
                result_head = as_tensor(eval_tensor_expr(Image, variables_head, head_a.shape), head_a.shape)
>               final_result = torch.cat([result_head, a_orig[min_math_len:]], dim=0)
                               ^^^^^
E               NameError: name 'torch' is not defined

more_math\ImageMathNode.py:101: NameError
___________________________ test_image_mismatch_pad ___________________________

    def test_image_mismatch_pad():
        a = torch.ones((2, 64, 64, 3))
        b = torch.ones((1, 64, 64, 3)) * 0.5
    
        # a + b -> [1+0.5, 1+0]
>       result, = ImageMathNode.execute("a + b", a, b=b, length_mismatch="pad")
                  ^^^^^^^^^^^^^^^^^^^^^^^^^^^^^^^^^^^^^^^^^^^^^^^^^^^^^^^^^^^^^

tests\test_multi_node_mismatch.py:31: 
_ _ _ _ _ _ _ _ _ _ _ _ _ _ _ _ _ _ _ _ _ _ _ _ _ _ _ _ _ _ _ _ _ _ _ _ _ _ _ _
more_math\ImageMathNode.py:105: in execute
    be = resolve_input(b_orig, b)
         ^^^^^^^^^^^^^^^^^^^^^^^^
_ _ _ _ _ _ _ _ _ _ _ _ _ _ _ _ _ _ _ _ _ _ _ _ _ _ _ _ _ _ _ _ _ _ _ _ _ _ _ _

tensor = tensor([[[[0.5000, 0.5000, 0.5000],
          [0.5000, 0.5000, 0.5000],
          [0.5000, 0.5000, 0.5000],
          ...    ...,
          [0.5000, 0.5000, 0.5000],
          [0.5000, 0.5000, 0.5000],
          [0.5000, 0.5000, 0.5000]]]])
original_input = tensor([[[[0.5000, 0.5000, 0.5000],
          [0.5000, 0.5000, 0.5000],
          [0.5000, 0.5000, 0.5000],
          ...    ...,
          [0.5000, 0.5000, 0.5000],
          [0.5000, 0.5000, 0.5000],
          [0.5000, 0.5000, 0.5000]]]])

    def resolve_input(tensor, original_input):
        if original_input is None: # Use zero constant
            return torch.zeros_like(a_orig)
    
        curr_len = tensor.shape[0]
        if curr_len == target_len:
            return tensor
    
        if length_mismatch == "broadcast":
            import math
            return tensor.repeat(math.ceil(target_len / curr_len), *([1] * (tensor.ndim - 1)))[:target_len]
        elif length_mismatch == "pad":
>           out = torch.zeros_like(a_orig)
                  ^^^^^
E           NameError: name 'torch' is not defined

more_math\ImageMathNode.py:68: NameError
=========================== short test summary info ===========================
FAILED tests/test_multi_node_mismatch.py::test_image_mismatch_broadcast - Nam...
FAILED tests/test_multi_node_mismatch.py::test_image_mismatch_passthrough - N...
FAILED tests/test_multi_node_mismatch.py::test_image_mismatch_pad - NameError...
========================= 3 failed, 3 passed in 0.12s =========================
